mysql> use banking
Database changed
mysql> use banking
Database changed
mysql> CREATE TABLE IF NOT EXISTS bank1(task_id INT AUTO_INCREMENT,name VARCHAR(75),ACCOUNTNO VARCHAR(75),BALANCE INT task_id INT AUTO_INCREMENT,);
ERROR 1064 (42000): You have an error in your SQL syntax; check the manual that corresponds to your MySQL server version for the right syntax to use near 'task_id INT AUTO_INCREMENT,)' at line 1
mysql> CREATE TABLE IF NOT EXISTS bank1(task_id INT AUTO_INCREMENT,name VARCHAR(75),ACCOUNTNO VARCHAR(75),BALANCE INT , PRIMARY KEY (task_id) );
Query OK, 0 rows affected (2.13 sec)

mysql> INSERT INTO bank1(name,ACCOUNTNO,BALANCE) VALUES ('JOHN','1A2B3C','10000');
Query OK, 1 row affected (0.55 sec)

mysql> INSERT INTO bank1(name,ACCOUNTNO,BALANCE) VALUES ('NANCY','9A8B7C','9000');
Query OK, 1 row affected (0.33 sec)

mysql> INSERT INTO bank1(name,ACCOUNTNO,BALANCE) VALUES ('SANDHYA','3C2B1A','11000');
Query OK, 1 row affected (0.11 sec)

mysql> INSERT INTO bank1(name,ACCOUNTNO,BALANCE) VALUES ('SANDY','3C2B1A67','12000');
Query OK, 1 row affected (0.12 sec)

mysql> INSERT INTO bank1(name,ACCOUNTNO,BALANCE) VALUES ('SANDYARAMIREDDY','3C2B1D','123000');
Query OK, 1 row affected (0.09 sec)

mysql> SELECT *FROM bank1;
+---------+-----------------+-----------+---------+
| task_id | name            | ACCOUNTNO | BALANCE |
+---------+-----------------+-----------+---------+
|       1 | JOHN            | 1A2B3C    |   10000 |
|       2 | NANCY           | 9A8B7C    |    9000 |
|       3 | SANDHYA         | 3C2B1A    |   11000 |
|       4 | SANDY           | 3C2B1A67  |   12000 |
|       5 | SANDYARAMIREDDY | 3C2B1D    |  123000 |
+---------+-----------------+-----------+---------+
5 rows in set (0.05 sec)

mysql> COMMIT
    -> CREATE TABLE IF NOT EXISTS bank1(task_id INT AUTO_INCREMENT,name VARCHAR(75),ACCOUNTNO VARCHAR(75),BALANCE INT task_id INT AUTO_INC^Z




































mysql> use banking
Database changed
mysql> use banking
Database changed
mysql> CREATE TABLE IF NOT EXISTS bank1(task_id INT AUTO_INCREMENT,name VARCHAR(75),ACCOUNTNO VARCHAR(75),BALANCE INT task_id INT AUTO_INCREMENT,);
ERROR 1064 (42000): You have an error in your SQL syntax; check the manual that corresponds to your MySQL server version for the right syntax to use near 'task_id INT AUTO_INCREMENT,)' at line 1
mysql> CREATE TABLE IF NOT EXISTS bank1(task_id INT AUTO_INCREMENT,name VARCHAR(75),ACCOUNTNO VARCHAR(75),BALANCE INT , PRIMARY KEY (task_id) );
Query OK, 0 rows affected (2.13 sec)

mysql> INSERT INTO bank1(name,ACCOUNTNO,BALANCE) VALUES ('JOHN','1A2B3C','10000');
Query OK, 1 row affected (0.55 sec)

mysql> INSERT INTO bank1(name,ACCOUNTNO,BALANCE) VALUES ('NANCY','9A8B7C','9000');
Query OK, 1 row affected (0.33 sec)

mysql> INSERT INTO bank1(name,ACCOUNTNO,BALANCE) VALUES ('SANDHYA','3C2B1A','11000');
Query OK, 1 row affected (0.11 sec)

mysql> INSERT INTO bank1(name,ACCOUNTNO,BALANCE) VALUES ('SANDY','3C2B1A67','12000');
Query OK, 1 row affected (0.12 sec)

mysql> INSERT INTO bank1(name,ACCOUNTNO,BALANCE) VALUES ('SANDYARAMIREDDY','3C2B1D','123000');
Query OK, 1 row affected (0.09 sec)

mysql> SELECT *FROM bank1;
+---------+-----------------+-----------+---------+
| task_id | name            | ACCOUNTNO | BALANCE |
+---------+-----------------+-----------+---------+
|       1 | JOHN            | 1A2B3C    |   10000 |
|       2 | NANCY           | 9A8B7C    |    9000 |
|       3 | SANDHYA         | 3C2B1A    |   11000 |
|       4 | SANDY           | 3C2B1A67  |   12000 |
|       5 | SANDYARAMIREDDY | 3C2B1D    |  123000 |
+---------+-----------------+-----------+---------+
5 rows in set (0.05 sec)

mysql> COMMIT
    -> CREATE TABLE IF NOT EXISTS bank1(task_id INT AUTO_INCREMENT,name VARCHAR(75),ACCOUNTNO VARCHAR(75),BALANCE INT task_id INT AUTO_INC^Z






























































